[19:33:37] [main/INFO] (FabricLoader/GameProvider) Loading Minecraft 26.3 with Fabric Loader 0.19.5
[19:33:37] [main/INFO] (FabricLoader/Mappings) Mappings not present!
[19:33:37] [main/INFO] (FabricLoader) Loading 44 mods:
	- fabric-advancement-api-v1 1.0.0+38c7a2d55d
	- fabric-api 0.161.0+26.3
	- fabric-api-base 2.0.6+fcdff87f5d
	- fabric-api-lookup-api-v1 2.0.24+3434d6d95d
	- fabric-biome-api-v1 20.0.9+74ed1ea55d
	- fabric-block-api-v1 3.1.0+0ae6f9115d
	- fabric-block-getter-api-v2 2.0.9+3434d6d95d
	- fabric-command-api-v2 3.1.2+fcdff87f5d
	- fabric-content-registries-v0 15.0.4+74ed1ea55d
	- fabric-convention-tags-v2 4.10.3+6b5b47fd5d
	- fabric-crash-report-info-v1 1.0.7+fcdff87f5d
	- fabric-creative-tab-api-v1 5.0.21+fcdff87f5d
	- fabric-data-attachment-api-v1 2.2.30+3434d6d95d
	- fabric-data-generation-api-v1 27.2.4+427eab975d
	- fabric-debug-api-v1 1.0.4+3434d6d95d
	- fabric-dimensions-v1 5.1.19+47f74c985d
	- fabric-entity-events-v1 6.0.4+3434d6d95d
	- fabric-events-interaction-v0 5.3.6+3434d6d95d
	- fabric-game-rule-api-v1 4.0.10+3434d6d95d
	- fabric-gametest-api-v1 4.0.32+3434d6d95d
	- fabric-item-api-v1 14.7.0+cf6bc2db5d
	- fabric-lifecycle-events-v1 4.1.9+ffef5f675d
	- fabric-loot-api-v3 4.0.8+4068fd645d
	- fabric-menu-api-v1 2.0.27+ed66f0a35d
	- fabric-message-api-v1 7.0.10+3434d6d95d
	- fabric-networking-api-v1 6.3.8+fcdff87f5d
	- fabric-object-builder-api-v1 24.1.9+3434d6d95d
	- fabric-particles-v1 5.0.24+3434d6d95d
	- fabric-permission-api-v1 1.0.8+fcdff87f5d
	- fabric-recipe-api-v1 10.0.8+fcdff87f5d
	- fabric-registry-sync-v0 8.0.1+fcdff87f5d
	- fabric-rendering-fluids-v1 6.0.6+3434d6d95d
	- fabric-resource-conditions-api-v1 6.1.5+3434d6d95d
	- fabric-resource-loader-v0 3.3.26+4fc5413f5d
	- fabric-resource-loader-v1 3.0.4+fcdff87f5d
	- fabric-serialization-api-v1 2.0.7+74ed1ea55d
	- fabric-tag-api-v1 2.1.10+fcdff87f5d
	- fabric-transfer-api-v1 8.0.25+fcdff87f5d
	- fabric-transitive-access-wideners-v1 8.1.16+52268a0e5d
	- fabricloader 0.19.5
	- java 25
	- minecraft 26.3
	- mixinextras 0.5.5
	- umbrellaz 1.4.9
[19:33:37] [main/INFO] (FabricLoader/Mixin) SpongePowered MIXIN Subsystem Version=0.8.7 Source=file:/home/chira/.gradle/caches/modules-2/files-2.1/net.fabricmc/sponge-mixin/0.17.4+mixin.0.8.7/5f66cc9f59b8efaa942155a3d5a30599bf6640dd/sponge-mixin-0.17.4+mixin.0.8.7.jar Service=Knot/Fabric Env=SERVER
[19:33:37] [main/INFO] (FabricLoader/MixinExtras|Service) Initializing MixinExtras via com.llamalad7.mixinextras.service.MixinExtrasServiceImpl(version=0.5.5).
[19:33:43] [main/INFO] (umbrellaz) Umbrellaz global adapters registered
[19:33:43] [main/INFO] (Minecraft) Environment: Environment[discoveryUrl=https://discovery.minecraftservices.com/minecraft/client, name=PROD]
[19:33:44] [Worker-Main-3/INFO] (Minecraft) Loaded 1866 advancements
[19:33:44] [main/INFO] (BiomeModificationImpl) Applied 0 biome modifications to 0 of 67 new biomes in 1.766 ms
[19:33:44] [Server thread/INFO] (Minecraft) Starting minecraft server version 26.3
[19:33:44] [Server thread/INFO] (Minecraft) Loading properties
[19:33:44] [Server thread/INFO] (Minecraft) Default game type: SURVIVAL
[19:33:44] [Server thread/INFO] (Minecraft) Generating keypair
[19:33:44] [Server thread/INFO] (Minecraft) Starting Minecraft server on *:25565
[19:33:45] [Server thread/WARN] (Minecraft) **** FAILED TO BIND TO PORT!
[19:33:45] [Server thread/WARN] (Minecraft) The exception was: io.netty.channel.unix.Errors$NativeIoException: bind(..) failed with error(-98): Address already in use
[19:33:45] [Server thread/WARN] (Minecraft) Perhaps a server is already running on that port?
[19:33:45] [Server thread/ERROR] (Minecraft) Encountered an unexpected exception
java.lang.IllegalStateException: Failed to initialize server
	at knot//net.minecraft.server.MinecraftServer.runServer(MinecraftServer.java:774)
	at knot//net.minecraft.server.MinecraftServer.lambda$spin$0(MinecraftServer.java:310)
	at java.base/java.lang.Thread.run(Thread.java:1474)
[19:33:45] [Server thread/ERROR] (Minecraft) This crash report has been saved to: /home/chira/mine/umbrellaz/run/crash-reports/crash-2026-10-05_19.33.45-server.txt
[19:33:45] [Server thread/INFO] (Minecraft) Stopping server
[19:33:45] [Server thread/INFO] (Minecraft) Saving worlds
